  A:  . . .D=D=N=N= . .D=D=D=N=N= . .D=D=D= . .D=D=D=D=D= . .
  B: E=E=E=N= . . .N=N= . .E=E=E=E=N= . .E=E=E=E= . .E=E= . .
  C: D=D=N=N=N= . .D=D=D= . .D=D=D=D= . . . . . .D=D=D=D=D= .
  D: D=L=L=L=L= . .L=L= . .D=L=L=L=L= . .D=D=L= . .L=L=L= . .
  E: E=E= . .E=D=D=D= . .E=D= . . .E=E=D=N= . . .E=E=N=N=N= .
  F: E=E=E=E=E= . .E=E=E= . .E=E=E= . .N=N=N=N= . .E=E=E= . .
  G: D=D=D=D=N= . .D=D=D=D=D= . . .D=D= . . .D=D=N= . .D=N=N=
  H: E=E=E=D=D= . .E=E=E=E= . . .E=D= . .E=E=E=D=D= . . .E=E=
  I: N=N=N= . .E=N= . .E=E=E=D= . .E=E=E=E= . .E=E=E=E=E= . .
  J: L=N= . . .L=L=L=L=L= . . . .D=D=L=L=L= . .N=N=N= . .L=L=
  K:  .N=N=N=N= . .E=D=D= . .E=E= . .E=D=D= . .E=E=D= . .E=E=
  L: E=E= . .E=E=E=E= . .E=E= . . .E=E=D=D= . . .E=N=N=N=N= .
  M:  .D=D=L=L= . .L=L=L=L=L= . .D=L=L= . .D=L=N=N= . . .N=N=
  N: L=L=L=L=L= . . . . .L=N=N=N=N= . .E=E=E=E=D= . .L=L= . .
  O:  .E=E=E=L= . .L=L=L=L=L= . . .L=L= . .D=L=L=L= . .L=L=L=
  P:  . .E=E=E=E=E= . .E=E=E= . .D=D=D=D=D= . .E=D=D= . .E=E=
  Q: L=L= . . .L=L=N=N=N=N= . . .L=L=L=L= . . .L=L=L=L=L=L= .
  R: D=D=D=D= . . . .D=D=D=D= . . . .D=D=D=D=D=D= . . .D=D=D=
  S: L=L=L=L= . . .D=D=L=L=L= . . . .L=L=L=L=L=L= . . .D=D= .
  T: L=L=L=L=L= . . . .L=L=L=L=L=L= . . .E=D=D=L=L=L= . . . .
  U: D=D=D=D=D= . . .E=E=E=E=E=E= . . .E=E=E=E= . . .N=N= . .
  V:  . . .D=L=L=L=L=L= . . .L=L=L=L=N=N= . . .E=L=L=L=N= . .
  W:  . . .E=E=E=E=N=N= . . . . .E=E=D=N=N= . . .E=E=E=E=E=D=
  X:  . . . . .D=D= . .D= . .D=D=D=D=N= . .D=N= . . . . . . .
  Y: L= . .L= . . . . .D= . .D=D= . . .L=L=L=L= . . .L= . . .
  Z: N= . . . .E=E= . .L= . .E=E=E= . . . . .E=N= . .L= . . .
 AA: L= . . . .L=L=L= . . . .L=L=N=N= . . .L=L= . . . . . . .
 AB:  . . .E= . . . . . . . .D=D=L=N=N= . .L=L= . .L= . .E= .
 AC:  . . . . .D=D= . .N= . . . . . . . . .D=D= .D= . . .D= .
 AD:  . . .L= .D=L= . . . . . . . . . .L= .L=N= . . . . .L= .
Final solution (checked for feasibility): 2734
-- Cover costs  : 2507
-- Roster costs : 227
  A:  . . .D=D=N=N= . .D=D=D=N=N= . .D=D=D= . .D=D=D=D=D= . .
  B: E=E=E=N= . .E=N=N= . .E=E=E=E= . .E=E= . .E=D=D=D=D= . .
  C: D=N=N=N=N= . .D=D=D= . .D=D=D=D= . . . . . .D=D=D=D=D= .
  D: L=L=L=L=L= . .L=L= . .D=L=L=L= . . .D=D=L= . .L=L=L= . .
  E: D=D= . .E=D=D=D= . .E=E= . . .E=E=D=N= . .E=E=N= . .N=N=
  F: E=E=E=E=E= . .E=E=E= . .E=E=E= . .N=N=N=N= . .E=E=E= . .
  G: D=D=D=D=N= . .D=D=D=D=D= . . .D=D= . .D=D=D=N= . . .N=N=
  H: E=E=E=D=D= . .E=E=E=E= . . .E=D= . .E=E=E=D=D= . . .E=E=
  I:  .E=E=E=E= . .E=E=E=E=D= . . .N=N= . .E=E=E=E=E= . .E=D=
  J: L=L=N= . .L=L=L=L=L= . . . .D=L=L=L=L= . .N=N=N= . .L=L=
  K: E=N=N=N=N= . .E=D=D= . .E=E= . .E=D=D= . .E=E=D= . .E=E=
  L: E=E= . .E=E=E=E= . .E=E= . . .E=E=D=D= . . .E=N=N=N=N= .
  M:  .D=D=L=L= . .L=L=L=L=L= . .D=L=N= . .D=L=N=N= . .L=N= .
  N: L=L=L=L=L= . . . . .L=N=N=N=N= . .E=E=E=E=D= . .L=L= . .
  O: E=E=E=L=L= . . .E=L=L=L=L= . .L=L=L= . .E=L=L=L= . . . .
  P:  . .E=E=E=E=E= . .E=E=E= . .D=D=D=D=D= . .D=D=D= . .E=E=
  Q: L=N= . . .L=L=L=L=N=N= . . .E=L=L=L= . . .L=L=L=L=L=L= .
  R: D=D=D=D= . . . .D=D=D=D= . . .D=D=D=D=D= . . .D=D=D=D= .
  S: L=L=L=L= . . .D=D=L=L=L= . . . .L=L=L=L=L=L= . . .D=D=L=
  T: L=L=L=L=L= . . . .L=L=L=L=L=L= . . .E=D=D=L=L=L= . . . .
  U: D=D=D=D=D= . . .E=E=E=E=E=E= . . .E=E=E=E= . . .N=N= . .
  V:  . . .D=L=L=L=L=L= . . .L=L=L=L=N=N= . . .E=L=L=L=N= . .
  W:  . . .E=E=E=E=N=N= . . . . .E=E=D=N=N= . . .E=E=E=E=D=D=
  X:  . . . . .D=D= . .D= . .D=D=D=N= . . .D=D= . . .N= . . .
  Y:  . . .L= . . . . .D= . .D=L= . .L=L=L=L=L= . . . . .L= .
  Z: N= . . . .E=E= . .L= . .E=E=L= . . . . .L= . . .L=N= . .
 AA: L= . . . .L=L=L= . . . .L=L=N=N= . . .L=L= . . . . . . .
 AB:  . . .E= . . . . . . . .D=D=L=N= . .E=L=L=N= . . . .E= .
 AC: N= . . . .D=D= . . . . .D=D= . . . . .D=D= . . . . . . .
 AD:  . . .L= .D=L= . . . . . . . . . . . .L=N= . . .L= .L= .
Final solution (checked for feasibility): 2736
-- Cover costs  : 2509
-- Roster costs : 227
