 65: 1= .1=1=1= . .
 66: 1=2=0= .2=1=1=
 67: 0=1=0=0= . . .
 68: 1= .1=1=1= . .
 69: 1= .1=1=1= .2=
 70: 0=2=2= . .2= .
 71: 0=0= . . .0=0=
 72: 0=1=0=0= . . .
 73: 0=0= . . .0=0=
 74: 0=0= . . .0=0=
 75: 0=1=0=0= . . .
 76: 1=0=1=1=1= .0=
 77: 2=0= .0=0=0=0=
 78: 1= .1=1=1= . .
 79: 1= .1=1=1= . .
 80: 2=0= .0=0=0=0=
 81: 2=0=1= .0=0=0=
 82: 1=2=2=1= .2= .
 83: 0=0= . . .0=0=
 84: 1=0=1=1= .0=0=
 85: 1= .1=1=1= . .
 86: 1= .1=1=1= . .
 87: 1=0=1=1=1= .0=
 88:  .0= .2= .0=0=
 89: 1= .1=1=1= . .
Final solution (checked for feasibility): 301
-- Cover costs  : 0
-- Roster costs : 301
 65: 1= .1=1=1= . .
 66: 1=2=0= .2=1=1=
 67: 0=1=0=0= . . .
 68: 1=0=1=1=1= .0=
 69: 1= .1=1=1= .2=
 70: 0=2=2= . .2= .
 71: 0=0= . . .0=0=
 72: 0=1=0=0= . . .
 73: 0=0= . . .0=0=
 74: 0=0= . . .0=0=
 75: 0=1=0=0= . . .
 76: 1=0=1=1=1= .0=
 77: 2=0= .0=0=0=0=
 78: 1= .1=1=1= . .
 79: 1= .1=1=1= . .
 80: 2=0= .0=0=0=0=
 81: 2=0=1= .0=0=0=
 82: 1=2=2=1= .2= .
 83: 0=0= . . .0=0=
 84: 1=0=1=1= .0=0=
 85: 1= .1=1=1= . .
 86: 1=0=1=1=1= .0=
 87: 1=0=1=1=1= .0=
 88:  .0= .2= .0=0=
 89: 1= .1=1=1= .2=
Final solution (checked for feasibility): 301
-- Cover costs  : 0
-- Roster costs : 301
