  A:  .D=L=L=L= . . .L=L=L=L=L= . . .N=N= . . . . .E=D=D=N=N=
  B: D=D=D= . .L=L=L=L= . . . . .E=E=L=L=L= . .E=E=D=L=L= . .
  C:  . .E=E=E=E= . . .D=D=D= . .E=D=D=D=L= . .E=D=L= . .D=D=
  D: L=L=L=L=N= . .L=N= . . . . . .L=N= . .L=N= . .D=D=D=D=D=
  E: D=D=D=D=D= . .E=D= . .E=E=D=D=D= . . . . .E=E= . .E=E=E=
  F: N=N= . .E=N= . .E=E=E=D= . . . .E=E=E=E=N= . .E=E=E= . .
  G: D=D= . . .E=D=D= . .E=E= . .E=E=E=D=D= . . . .E=E=E=E=D=
  H: E=L=L=L=L= . .N=N=N= . . . . .E=D=N= . .L=L= . .E=E=L= .
  I: L=N= . .E=E=D=D= . .E=L=N=N=N= . . . . . .E=E=D=D=L= . .
  J:  .E=N= . . . . .D=L=L=L= . . . .L=L=L=L=N= . .D=D=D=N=N=
  K:  . .L=L= . . .E=N=N= . . .L=L=L=L= . . .E=L=L=L= . . . .
  L:  .E=E=E=L= . . . . . .E=N=N= . . .L=L=L= . . .E=E=E= . .
  M: L=L= . . .L=L=L= . . . . . . .D=D=D=D= . . . . .L=L=N=N=
  N:  . .E=E=L=L= . . .E=N=N=N= . . . .L=N= . . . .L=L= . . .
  O:  . . . . . .D=D=D=L= . . .E=D=L=L= . . . .N=N=N=N= . . .
  P:  . . .E=D= . . .E=D=N=N= . . .N=N= . . .D=D= . . . .D=D=
  Q: L= . .D= . . . . . . .D=L=L= . . . . .D=D=L= . . . .D=D=
  R:  . .D=N=N= . .N= . . . . . . . . .L= . . .L=L=L=L=L= . .
  S: N= . . . .E= . . .E= . .D=D= . . .E=N= . .N= . . . .D=D=
  T: L= . . . . . . . . . .L=L=L= . . . . . .D=D=N=N=N= . .L=
  U: L= . . . . .E=N= . . . .E=N= . . .E=E=E=E=N= . . . . . .
  V: D= . .D= . . .D=D= . . .E=E=N= . . .N= . .D= . . .N= . .
  W:  .L=L=L= . . . . . . .L=L=L= . . . . .L=L=L= . . . . .L=
  X:  . . . . .L=L=L=L=L= . . . .N=N= . .E=N= . . . . . . .E=
  Y:  . . .E= . .E= . .D=N= . . . .L= . . .N= . .D=D=D=N= . .
  Z:  .D=D=D=D= . . . . .E=E= . . . . . . .D= . . . . .D=D=D=
 AA:  . . . . . . . . .N=N= . . .L= . . . . .L=L= . . . . .L=
 AB:  . . . . .D= . . . . . . . . . . . .D=D= .D= . . .N=N= .
 AC: D=D= . . .L=N= . . . . . .D= . . . . . . . . . . . .N= .
 AD:  . . . . . .E=E=E=D= . . .E= . . . . . . .E= . . . . .E=
 AE:  . . . . . . . . .E= . .E= . .E= . .D= .E= . . .E= .E= .
 AF:  . . . . . . . . . . . .E=E=E= . . . .D=D= .L= . . . .E=
 AG:  . . . . .D= . . . . .D= . . . . . . . .E=E=E= . . .L=L=
 AH: E=E=E= . . . . . . . .D= . . . . . . . .E= . . . . .L=L=
 AI:  . . .D= . . . . . .D=D=D= . . . . . . . .D=D= . . . .L=
 AJ:  . . . . . .L= . . . . . . .L= . . .L= . . .L=L=L=L= . .
Final solution (checked for feasibility): 445
-- Cover costs  : 400
-- Roster costs : 45
  A: D=D=L=L=L= . .E=L=L=L=L= . . . .N=N= . . . . . .D=D=N=N=
  B: D=D=D=D= . . .E=D= . .L=L=L=L= . .L=L= . . . .E=E=E=E=L=
  C:  .E=D= . .E=D=D= . .D=D= . .E=E=E=E=D= . .D=D=D= . .D=D=
  D:  .L=L=L=L=N= . .L=N= . . . . .L=L=L=L=N= . .L=L=L=N= . .
  E: D=D=D=D=D= . .D=D= . .E=E=D=D=D= . . . . .E=E= . .E=E=E=
  F: N=N= . .E=N= . .E=E=E=D= . . . .E=E=E=E=N= . .E=E=E= . .
  G: D=D= . . .E=D=D=D=D= . . . .E=E=D=D=D= . . . .E=E=E=D=D=
  H: L=L=L=L=N= . .L=N= . .L=N= . .D=D=D= . .L=L= . .E=N= . .
  I: N=N= . .E=E=E= . .E=E=N= . .E=E=L= . .L=N= . .D=D=L= . .
  J:  .E=N= . . . . .D=L=L=L= . . . .L=L=L=L=N= . .D=D=D=N=N=
  K:  . .L=L= . . . .N=N=N= . . . .L=N= . . .E=E=E= . . .L=L=
  L:  . .E=E=L= . . . . .E=E=N=N= . . .L=L=L=L= . . .E=E= . .
  M: L=L= . . .L=L=L= . . . . . . .D=D=D=D= . . . . .L=L=N=N=
  N:  . .E=E=L=L= . . .E=N=N=N= . . . .L=N= . . . .L=L= . . .
  O:  . . .E=E=E=L= . . . . . .E=L=L=L= . . . .N=N=N=N= . . .
  P:  . .E=E=D= . . .E=D= . . . .N=N= . . .D=D=D= . . .D=D=D=
  Q: L= . . . .D=D= . . . .D= . . . . . .D=D=D=D= . . . .D=D=
  R: L= . .N=N= . .N= . . . . .L= . . . . . . .L=L=L=L=L= . .
  S:  . . . . . . . . .E= . .E=D=N= . .N=N= . .E=E= . . .D=D=
  T: L= . . . . . . . . . .L=L=L= . . . . . .D=D=N=N=N= . .L=
  U: L= . . . . .E=N= . . . .E=N= . . .E=E=E=E=N= . . . . . .
  V:  . . .D= . .D=D= . . . .E=E=N=N= . .N= . .E= . . . . .D=
  W:  .L=L=L= . . . . .L= . .L= . . . . .L=L=L=L= . . . . .L=
  X:  . . . . .L=L=L=L=L= . .N= . .N= . .E=N= . . .L= . . . .
  Y:  . . .E= . . .N= . .N= . . .D=L=N= . . . . .D=D=D= . .E=
  Z:  .D=D=D=D= . . . . .E=E=D= . . . . . . . . . . . .D=D=D=
 AA:  . . . . . . . .N=N= . . .L= . . . . . . .L= . . .L=L= .
 AB:  . . . . .D= . . . . .D= . . . . . . .D=D= . . . .N=N= .
 AC: D=D= . . .L=N= . . . . . .D= . . . . . . . . . . . .N= .
 AD:  . . . . . .E=E=E=D= . . .E= . . . . . . .E= . . . . .E=
 AE:  . . . . .L= . . .D= .E=L= . . . . . .D= .L= .D= . . . .
 AF:  . . . . . . . . . . . .E=E=E= . . . . .E=L=L= . . . .E=
 AG:  . . . . . . . . . . . . . . .E= . . . .E=E=E=E=D= .E= .
 AH: E=E=E= . . . . . . . .D= . . . . . . . .E= . . . . .L=L=
 AI:  . . .D= . . . . . .D=D=D= . . . . . . . .D=D= . . . .L=
 AJ:  . . . . . .L=L= . . . . . .L= . . . . . . .L=L=L=L= . .
Final solution (checked for feasibility): 442
-- Cover costs  : 400
-- Roster costs : 42
